#-----------------------------------------------------------
# Webtalk v2017.2 (64-bit)
# SW Build 1909853 on Thu Jun 15 18:39:09 MDT 2017
# IP Build 1909766 on Thu Jun 15 19:58:00 MDT 2017
# Start of session at: Wed Nov 22 16:19:21 2017
# Process ID: 19664
# Current directory: C:/Users/Jesus/Documents/ECE 369/Modifications/LABS8-17 UPDATED 11-8-17 WORKING/Lab8-17_VivadoFiles/Lab8-17_VivadoFiles.sim/sim_1/behav
# Command line: wbtcv.exe -mode batch -source C:/Users/Jesus/Documents/ECE 369/Modifications/LABS8-17 UPDATED 11-8-17 WORKING/Lab8-17_VivadoFiles/Lab8-17_VivadoFiles.sim/sim_1/behav/xsim.dir/TopLevel_tb_behav/webtalk/xsim_webtalk.tcl -notrace
# Log file: C:/Users/Jesus/Documents/ECE 369/Modifications/LABS8-17 UPDATED 11-8-17 WORKING/Lab8-17_VivadoFiles/Lab8-17_VivadoFiles.sim/sim_1/behav/webtalk.log
# Journal file: C:/Users/Jesus/Documents/ECE 369/Modifications/LABS8-17 UPDATED 11-8-17 WORKING/Lab8-17_VivadoFiles/Lab8-17_VivadoFiles.sim/sim_1/behav\webtalk.jou
#-----------------------------------------------------------
source C:/Users/Jesus/Documents/ECE -notrace
